>script TetrisGameManager : GameScript2D
#^^^^^^ source.jscript storage.type.script.jscript
#      ^ source.jscript
#       ^^^^^^^^^^^^^^^^^ source.jscript entity.name.type.class.jscript
#                        ^ source.jscript
#                         ^ source.jscript punctuation.separator.inheritance.jscript
#                          ^ source.jscript
#                           ^^^^^^^^^^^^ source.jscript entity.other.inherited-class.jscript
>{
#^ source.jscript punctuation.section.block.begin.jscript
>    [range(4, 40), category("Field")]
#^^^^ source.jscript meta.attribute.jscript
#    ^ source.jscript meta.attribute.jscript punctuation.definition.attribute.begin.jscript
#     ^^^^^ source.jscript meta.attribute.jscript entity.other.attribute-name.jscript
#          ^ source.jscript meta.attribute.jscript meta.attribute.arguments.jscript punctuation.definition.arguments.begin.jscript
#           ^ source.jscript meta.attribute.jscript meta.attribute.arguments.jscript constant.numeric.jscript
#            ^ source.jscript meta.attribute.jscript meta.attribute.arguments.jscript punctuation.separator.arguments.jscript
#             ^ source.jscript meta.attribute.jscript meta.attribute.arguments.jscript
#              ^^ source.jscript meta.attribute.jscript meta.attribute.arguments.jscript constant.numeric.jscript
#                ^ source.jscript meta.attribute.jscript meta.attribute.arguments.jscript punctuation.definition.arguments.end.jscript
#                 ^ source.jscript meta.attribute.jscript punctuation.separator.attribute.jscript
#                  ^ source.jscript meta.attribute.jscript
#                   ^^^^^^^^ source.jscript meta.attribute.jscript entity.other.attribute-name.jscript
#                           ^ source.jscript meta.attribute.jscript meta.attribute.arguments.jscript punctuation.definition.arguments.begin.jscript
#                            ^ source.jscript meta.attribute.jscript meta.attribute.arguments.jscript string.quoted.double.jscript punctuation.definition.string.begin.jscript
#                             ^^^^^ source.jscript meta.attribute.jscript meta.attribute.arguments.jscript string.quoted.double.jscript
#                                  ^ source.jscript meta.attribute.jscript meta.attribute.arguments.jscript string.quoted.double.jscript punctuation.definition.string.end.jscript
#                                   ^ source.jscript meta.attribute.jscript meta.attribute.arguments.jscript punctuation.definition.arguments.end.jscript
#                                    ^ source.jscript meta.attribute.jscript punctuation.definition.attribute.end.jscript
>    int FieldRows = 20
#^^^^ source.jscript
#    ^^^ source.jscript storage.type.primitive.jscript
#       ^ source.jscript
#        ^^^^^^^^^ source.jscript variable.other.definition.jscript
#                 ^ source.jscript
#                  ^ source.jscript keyword.operator.assignment.jscript
#                   ^ source.jscript
#                    ^^ source.jscript constant.numeric.jscript
>
>    [name("낙하 간격")]
#^^^^ source.jscript meta.attribute.jscript
#    ^ source.jscript meta.attribute.jscript punctuation.definition.attribute.begin.jscript
#     ^^^^ source.jscript meta.attribute.jscript entity.other.attribute-name.jscript
#         ^ source.jscript meta.attribute.jscript meta.attribute.arguments.jscript punctuation.definition.arguments.begin.jscript
#          ^ source.jscript meta.attribute.jscript meta.attribute.arguments.jscript string.quoted.double.jscript punctuation.definition.string.begin.jscript
#           ^^^^^ source.jscript meta.attribute.jscript meta.attribute.arguments.jscript string.quoted.double.jscript
#                ^ source.jscript meta.attribute.jscript meta.attribute.arguments.jscript string.quoted.double.jscript punctuation.definition.string.end.jscript
#                 ^ source.jscript meta.attribute.jscript meta.attribute.arguments.jscript punctuation.definition.arguments.end.jscript
#                  ^ source.jscript meta.attribute.jscript punctuation.definition.attribute.end.jscript
>    float DropInterval = 0.5
#^^^^ source.jscript
#    ^^^^^ source.jscript storage.type.primitive.jscript
#         ^ source.jscript
#          ^^^^^^^^^^^^ source.jscript variable.other.definition.jscript
#                      ^ source.jscript
#                       ^ source.jscript keyword.operator.assignment.jscript
#                        ^ source.jscript
#                         ^^^ source.jscript constant.numeric.jscript
>
>    [category("Canvas")]
#^^^^ source.jscript meta.attribute.jscript
#    ^ source.jscript meta.attribute.jscript punctuation.definition.attribute.begin.jscript
#     ^^^^^^^^ source.jscript meta.attribute.jscript entity.other.attribute-name.jscript
#             ^ source.jscript meta.attribute.jscript meta.attribute.arguments.jscript punctuation.definition.arguments.begin.jscript
#              ^ source.jscript meta.attribute.jscript meta.attribute.arguments.jscript string.quoted.double.jscript punctuation.definition.string.begin.jscript
#               ^^^^^^ source.jscript meta.attribute.jscript meta.attribute.arguments.jscript string.quoted.double.jscript
#                     ^ source.jscript meta.attribute.jscript meta.attribute.arguments.jscript string.quoted.double.jscript punctuation.definition.string.end.jscript
#                      ^ source.jscript meta.attribute.jscript meta.attribute.arguments.jscript punctuation.definition.arguments.end.jscript
#                       ^ source.jscript meta.attribute.jscript punctuation.definition.attribute.end.jscript
>    Ref<Transform2D> FieldBox
#^^^^ source.jscript
#    ^^^ source.jscript entity.name.type.jscript
#       ^ source.jscript punctuation.definition.typeparameters.begin.jscript
#        ^^^^^^^^^^^ source.jscript entity.name.type.jscript
#                   ^ source.jscript punctuation.definition.typeparameters.end.jscript
#                    ^ source.jscript
#                     ^^^^^^^^ source.jscript variable.other.definition.jscript
>
>    [prop]
#^^^^ source.jscript meta.attribute.jscript
#    ^ source.jscript meta.attribute.jscript punctuation.definition.attribute.begin.jscript
#     ^^^^ source.jscript meta.attribute.jscript entity.other.attribute-name.jscript
#         ^ source.jscript meta.attribute.jscript punctuation.definition.attribute.end.jscript
>    bool ShowDebug = false
#^^^^ source.jscript
#    ^^^^ source.jscript storage.type.primitive.jscript
#        ^ source.jscript
#         ^^^^^^^^^ source.jscript variable.other.definition.jscript
#                  ^ source.jscript
#                   ^ source.jscript keyword.operator.assignment.jscript
#                    ^ source.jscript
#                     ^^^^^ source.jscript constant.language.boolean.jscript
>
>    float      elapsed = 0.0        // 대괄호가 없으면 노출되지 않는다
#^^^^ source.jscript
#    ^^^^^ source.jscript storage.type.primitive.jscript
#         ^^^^^^ source.jscript
#               ^^^^^^^ source.jscript variable.other.definition.jscript
#                      ^ source.jscript
#                       ^ source.jscript keyword.operator.assignment.jscript
#                        ^ source.jscript
#                         ^^^ source.jscript constant.numeric.jscript
#                            ^^^^^^^^ source.jscript
#                                    ^^ source.jscript comment.line.double-slash.jscript punctuation.definition.comment.jscript
#                                      ^^^^^^^^^^^^^^^^^^ source.jscript comment.line.double-slash.jscript
>    Array<int> lines
#^^^^ source.jscript
#    ^^^^^ source.jscript entity.name.type.jscript
#         ^ source.jscript punctuation.definition.typeparameters.begin.jscript
#          ^^^ source.jscript storage.type.primitive.jscript
#             ^ source.jscript punctuation.definition.typeparameters.end.jscript
#              ^ source.jscript
#               ^^^^^ source.jscript variable.other.definition.jscript
>
>    fn OnUpdate(float dt)
#^^^^ source.jscript
#    ^^ source.jscript storage.type.function.jscript
#      ^ source.jscript
#       ^^^^^^^^ source.jscript entity.name.function.jscript
#               ^ source.jscript punctuation.section.parens.begin.jscript
#                ^^^^^ source.jscript storage.type.primitive.jscript
#                     ^ source.jscript
#                      ^^ source.jscript variable.other.definition.jscript
#                        ^ source.jscript punctuation.section.parens.end.jscript
>    {
#^^^^ source.jscript
#    ^ source.jscript punctuation.section.block.begin.jscript
>        elapsed += dt
#^^^^^^^^^^^^^^^^ source.jscript
#                ^^ source.jscript keyword.operator.assignment.compound.jscript
#                  ^^^^ source.jscript
>        if elapsed < DropInterval
#^^^^^^^^ source.jscript
#        ^^ source.jscript keyword.control.jscript
#          ^^^^^^^^^ source.jscript
#                   ^ source.jscript keyword.operator.comparison.jscript
#                    ^^^^^^^^^^^^^^ source.jscript
>        {
#^^^^^^^^ source.jscript
#        ^ source.jscript punctuation.section.block.begin.jscript
>            return
#^^^^^^^^^^^^ source.jscript
#            ^^^^^^ source.jscript keyword.control.jscript
>        }
#^^^^^^^^ source.jscript
#        ^ source.jscript punctuation.section.block.end.jscript
>        elapsed = 0.0
#^^^^^^^^^^^^^^^^ source.jscript
#                ^ source.jscript keyword.operator.assignment.jscript
#                 ^ source.jscript
#                  ^^^ source.jscript constant.numeric.jscript
>
>        if let box = FieldBox
#^^^^^^^^ source.jscript
#        ^^ source.jscript keyword.control.jscript
#          ^ source.jscript
#           ^^^ source.jscript keyword.other.let.jscript
#              ^^^^^ source.jscript
#                   ^ source.jscript keyword.operator.assignment.jscript
#                    ^^^^^^^^^^ source.jscript
>        {
#^^^^^^^^ source.jscript
#        ^ source.jscript punctuation.section.block.begin.jscript
>            box.position.y -= 1.0
#^^^^^^^^^^^^^^^ source.jscript
#               ^ source.jscript punctuation.accessor.jscript
#                ^^^^^^^^ source.jscript
#                        ^ source.jscript punctuation.accessor.jscript
#                         ^^ source.jscript
#                           ^^ source.jscript keyword.operator.assignment.compound.jscript
#                             ^ source.jscript
#                              ^^^ source.jscript constant.numeric.jscript
>        }
#^^^^^^^^ source.jscript
#        ^ source.jscript punctuation.section.block.end.jscript
>    }
#^^^^ source.jscript
#    ^ source.jscript punctuation.section.block.end.jscript
>}
#^ source.jscript punctuation.section.block.end.jscript
>