>// Enemy.jscript
#^^ source.jscript comment.line.double-slash.jscript punctuation.definition.comment.jscript
#  ^^^^^^^^^^^^^^ source.jscript comment.line.double-slash.jscript
>
>enum EnemyState
#^^^^ source.jscript storage.type.enum.jscript
#    ^ source.jscript
#     ^^^^^^^^^^ source.jscript entity.name.type.enum.jscript
>{
#^ source.jscript punctuation.section.block.begin.jscript
>    Idle
#^^^^ source.jscript
#    ^^^^ source.jscript variable.other.enummember.jscript
>    Chasing
#^^^^ source.jscript
#    ^^^^^^^ source.jscript variable.other.enummember.jscript
>    Dead
#^^^^ source.jscript
#    ^^^^ source.jscript variable.other.enummember.jscript
>}
#^ source.jscript punctuation.section.block.end.jscript
>
>interface IDamageable
#^^^^^^^^^ source.jscript storage.type.interface.jscript
#         ^ source.jscript
#          ^^^^^^^^^^^ source.jscript entity.name.type.class.jscript
>{
#^ source.jscript punctuation.section.block.begin.jscript
>    fn TakeDamage(Int amount)
#^^^^ source.jscript
#    ^^ source.jscript storage.type.function.jscript
#      ^ source.jscript
#       ^^^^^^^^^^ source.jscript entity.name.function.jscript
#                 ^ source.jscript punctuation.section.parameters.begin.jscript
#                  ^^^ source.jscript support.type.primitive.jscript
#                     ^ source.jscript
#                      ^^^^^^ source.jscript variable.other.definition.jscript
#                            ^ source.jscript punctuation.section.parameters.end.jscript
>    fn IsDead() -> Bool
#^^^^ source.jscript
#    ^^ source.jscript storage.type.function.jscript
#      ^ source.jscript
#       ^^^^^^ source.jscript entity.name.function.jscript
#             ^ source.jscript punctuation.section.parameters.begin.jscript
#              ^ source.jscript punctuation.section.parameters.end.jscript
#               ^ source.jscript
#                ^^ source.jscript punctuation.separator.return-type.jscript
#                  ^ source.jscript
#                   ^^^^ source.jscript support.type.primitive.jscript
>}
#^ source.jscript punctuation.section.block.end.jscript
>
>struct DropEntry
#^^^^^^ source.jscript storage.type.struct.jscript
#      ^ source.jscript
#       ^^^^^^^^^ source.jscript entity.name.type.class.jscript
>{
#^ source.jscript punctuation.section.block.begin.jscript
>    Int Weight = 1
#^^^^ source.jscript
#    ^^^ source.jscript support.type.primitive.jscript
#       ^ source.jscript
#        ^^^^^^ source.jscript variable.other.definition.jscript
#              ^ source.jscript
#               ^ source.jscript keyword.operator.assignment.jscript
#                ^ source.jscript
#                 ^ source.jscript constant.numeric.jscript
>    Int ItemId = 0
#^^^^ source.jscript
#    ^^^ source.jscript support.type.primitive.jscript
#       ^ source.jscript
#        ^^^^^^ source.jscript variable.other.definition.jscript
#              ^ source.jscript
#               ^ source.jscript keyword.operator.assignment.jscript
#                ^ source.jscript
#                 ^ source.jscript constant.numeric.jscript
>}
#^ source.jscript punctuation.section.block.end.jscript
>
>class LootTable
#^^^^^ source.jscript storage.type.class.jscript
#     ^ source.jscript
#      ^^^^^^^^^ source.jscript entity.name.type.class.jscript
>{
#^ source.jscript punctuation.section.block.begin.jscript
>    Array<DropEntry> entries
#^^^^ source.jscript
#    ^^^^^ source.jscript support.type.builtin.jscript
#         ^ source.jscript punctuation.definition.typeparameters.begin.jscript
#          ^^^^^^^^^ source.jscript entity.name.type.jscript
#                   ^ source.jscript punctuation.definition.typeparameters.end.jscript
#                    ^ source.jscript
#                     ^^^^^^^ source.jscript variable.other.definition.jscript
>
>    fn LootTable(Int capacity)                       // [제안] 생성자 모양
#^^^^ source.jscript
#    ^^ source.jscript storage.type.function.jscript
#      ^ source.jscript
#       ^^^^^^^^^ source.jscript entity.name.function.jscript
#                ^ source.jscript punctuation.section.parameters.begin.jscript
#                 ^^^ source.jscript support.type.primitive.jscript
#                    ^ source.jscript
#                     ^^^^^^^^ source.jscript variable.other.definition.jscript
#                             ^ source.jscript punctuation.section.parameters.end.jscript
#                              ^^^^^^^^^^^^^^^^^^^^^^^ source.jscript
#                                                     ^^ source.jscript comment.line.double-slash.jscript punctuation.definition.comment.jscript
#                                                       ^^^^^^^^^^^^ source.jscript comment.line.double-slash.jscript
>    {
#^^^^ source.jscript
#    ^ source.jscript punctuation.section.block.begin.jscript
>        ...
#^^^^^^^^ source.jscript
#        ^^ source.jscript keyword.operator.range.jscript
#          ^ source.jscript punctuation.accessor.jscript
>    }
#^^^^ source.jscript
#    ^ source.jscript punctuation.section.block.end.jscript
>
>    public fn TotalWeight() -> Int
#^^^^ source.jscript
#    ^^^^^^ source.jscript storage.modifier.jscript
#          ^ source.jscript
#           ^^ source.jscript storage.type.function.jscript
#             ^ source.jscript
#              ^^^^^^^^^^^ source.jscript entity.name.function.jscript
#                         ^ source.jscript punctuation.section.parameters.begin.jscript
#                          ^ source.jscript punctuation.section.parameters.end.jscript
#                           ^ source.jscript
#                            ^^ source.jscript punctuation.separator.return-type.jscript
#                              ^ source.jscript
#                               ^^^ source.jscript support.type.primitive.jscript
>    {
#^^^^ source.jscript
#    ^ source.jscript punctuation.section.block.begin.jscript
>        Int total = 0
#^^^^^^^^ source.jscript
#        ^^^ source.jscript support.type.primitive.jscript
#           ^ source.jscript
#            ^^^^^ source.jscript variable.other.definition.jscript
#                 ^ source.jscript
#                  ^ source.jscript keyword.operator.assignment.jscript
#                   ^ source.jscript
#                    ^ source.jscript constant.numeric.jscript
>        for (ref entry in entries)
#^^^^^^^^ source.jscript
#        ^^^ source.jscript keyword.control.jscript
#           ^ source.jscript
#            ^ source.jscript punctuation.section.parens.begin.jscript
#             ^^^ source.jscript storage.modifier.ref.jscript
#                ^ source.jscript
#                 ^^^^^ source.jscript variable.other.definition.jscript
#                      ^ source.jscript
#                       ^^ source.jscript keyword.control.in.jscript
#                         ^^^^^^^^ source.jscript
#                                 ^ source.jscript punctuation.section.parens.end.jscript
>        {
#^^^^^^^^ source.jscript
#        ^ source.jscript punctuation.section.block.begin.jscript
>            total += entry.Weight
#^^^^^^^^^^^^^^^^^^ source.jscript
#                  ^^ source.jscript keyword.operator.assignment.compound.jscript
#                    ^^^^^^ source.jscript
#                          ^ source.jscript punctuation.accessor.jscript
#                           ^^^^^^^ source.jscript
>        }
#^^^^^^^^ source.jscript
#        ^ source.jscript punctuation.section.block.end.jscript
>        return total
#^^^^^^^^ source.jscript
#        ^^^^^^ source.jscript keyword.control.jscript
#              ^^^^^^^ source.jscript
>    }
#^^^^ source.jscript
#    ^ source.jscript punctuation.section.block.end.jscript
>}
#^ source.jscript punctuation.section.block.end.jscript
>
>script Enemy : IDamageable
#^^^^^^ source.jscript storage.type.script.jscript
#      ^ source.jscript
#       ^^^^^ source.jscript entity.name.type.class.jscript
#            ^ source.jscript
#             ^ source.jscript punctuation.separator.inheritance.jscript
#              ^ source.jscript
#               ^^^^^^^^^^^ source.jscript entity.other.inherited-class.jscript
>{
#^ source.jscript punctuation.section.block.begin.jscript
>    [range(1, 100), category("Stats")]
#^^^^ source.jscript meta.attribute.jscript
#    ^ source.jscript meta.attribute.jscript punctuation.definition.attribute.begin.jscript
#     ^^^^^ source.jscript meta.attribute.jscript entity.other.attribute-name.jscript
#          ^ source.jscript meta.attribute.jscript meta.attribute.arguments.jscript punctuation.definition.arguments.begin.jscript
#           ^ source.jscript meta.attribute.jscript meta.attribute.arguments.jscript constant.numeric.jscript
#            ^ source.jscript meta.attribute.jscript meta.attribute.arguments.jscript punctuation.separator.arguments.jscript
#             ^ source.jscript meta.attribute.jscript meta.attribute.arguments.jscript
#              ^^^ source.jscript meta.attribute.jscript meta.attribute.arguments.jscript constant.numeric.jscript
#                 ^ source.jscript meta.attribute.jscript meta.attribute.arguments.jscript punctuation.definition.arguments.end.jscript
#                  ^ source.jscript meta.attribute.jscript punctuation.separator.attribute.jscript
#                   ^ source.jscript meta.attribute.jscript
#                    ^^^^^^^^ source.jscript meta.attribute.jscript entity.other.attribute-name.jscript
#                            ^ source.jscript meta.attribute.jscript meta.attribute.arguments.jscript punctuation.definition.arguments.begin.jscript
#                             ^ source.jscript meta.attribute.jscript meta.attribute.arguments.jscript string.quoted.double.jscript punctuation.definition.string.begin.jscript
#                              ^^^^^ source.jscript meta.attribute.jscript meta.attribute.arguments.jscript string.quoted.double.jscript
#                                   ^ source.jscript meta.attribute.jscript meta.attribute.arguments.jscript string.quoted.double.jscript punctuation.definition.string.end.jscript
#                                    ^ source.jscript meta.attribute.jscript meta.attribute.arguments.jscript punctuation.definition.arguments.end.jscript
#                                     ^ source.jscript meta.attribute.jscript punctuation.definition.attribute.end.jscript
>    Int MaxHp = 10
#^^^^ source.jscript
#    ^^^ source.jscript support.type.primitive.jscript
#       ^ source.jscript
#        ^^^^^ source.jscript variable.other.definition.jscript
#             ^ source.jscript
#              ^ source.jscript keyword.operator.assignment.jscript
#               ^ source.jscript
#                ^^ source.jscript constant.numeric.jscript
>
>    [prop]
#^^^^ source.jscript meta.attribute.jscript
#    ^ source.jscript meta.attribute.jscript punctuation.definition.attribute.begin.jscript
#     ^^^^ source.jscript meta.attribute.jscript entity.other.attribute-name.jscript
#         ^ source.jscript meta.attribute.jscript punctuation.definition.attribute.end.jscript
>    Float MoveSpeed = 2.0
#^^^^ source.jscript
#    ^^^^^ source.jscript support.type.primitive.jscript
#         ^ source.jscript
#          ^^^^^^^^^ source.jscript variable.other.definition.jscript
#                   ^ source.jscript
#                    ^ source.jscript keyword.operator.assignment.jscript
#                     ^ source.jscript
#                      ^^^ source.jscript constant.numeric.jscript
>
>    [category("Links")]
#^^^^ source.jscript meta.attribute.jscript
#    ^ source.jscript meta.attribute.jscript punctuation.definition.attribute.begin.jscript
#     ^^^^^^^^ source.jscript meta.attribute.jscript entity.other.attribute-name.jscript
#             ^ source.jscript meta.attribute.jscript meta.attribute.arguments.jscript punctuation.definition.arguments.begin.jscript
#              ^ source.jscript meta.attribute.jscript meta.attribute.arguments.jscript string.quoted.double.jscript punctuation.definition.string.begin.jscript
#               ^^^^^ source.jscript meta.attribute.jscript meta.attribute.arguments.jscript string.quoted.double.jscript
#                    ^ source.jscript meta.attribute.jscript meta.attribute.arguments.jscript string.quoted.double.jscript punctuation.definition.string.end.jscript
#                     ^ source.jscript meta.attribute.jscript meta.attribute.arguments.jscript punctuation.definition.arguments.end.jscript
#                      ^ source.jscript meta.attribute.jscript punctuation.definition.attribute.end.jscript
>    ref Transform2D target
#^^^^ source.jscript
#    ^^^ source.jscript storage.modifier.ref.jscript
#       ^ source.jscript
#        ^^^^^^^^^^^ source.jscript entity.name.type.jscript
#                   ^ source.jscript
#                    ^^^^^^ source.jscript variable.other.definition.jscript
>
>    [autochecknullable(false)]
#^^^^ source.jscript meta.attribute.jscript
#    ^ source.jscript meta.attribute.jscript punctuation.definition.attribute.begin.jscript
#     ^^^^^^^^^^^^^^^^^ source.jscript meta.attribute.jscript entity.other.attribute-name.jscript
#                      ^ source.jscript meta.attribute.jscript meta.attribute.arguments.jscript punctuation.definition.arguments.begin.jscript
#                       ^^^^^ source.jscript meta.attribute.jscript meta.attribute.arguments.jscript constant.language.boolean.jscript
#                            ^ source.jscript meta.attribute.jscript meta.attribute.arguments.jscript punctuation.definition.arguments.end.jscript
#                             ^ source.jscript meta.attribute.jscript punctuation.definition.attribute.end.jscript
>    ref Transform2D home
#^^^^ source.jscript
#    ^^^ source.jscript storage.modifier.ref.jscript
#       ^ source.jscript
#        ^^^^^^^^^^^ source.jscript entity.name.type.jscript
#                   ^ source.jscript
#                    ^^^^ source.jscript variable.other.definition.jscript
>
>    Int hp = 0
#^^^^ source.jscript
#    ^^^ source.jscript support.type.primitive.jscript
#       ^ source.jscript
#        ^^ source.jscript variable.other.definition.jscript
#          ^ source.jscript
#           ^ source.jscript keyword.operator.assignment.jscript
#            ^ source.jscript
#             ^ source.jscript constant.numeric.jscript
>    EnemyState state = EnemyState.Idle
#^^^^ source.jscript
#    ^^^^^^^^^^ source.jscript entity.name.type.jscript
#              ^ source.jscript
#               ^^^^^ source.jscript variable.other.definition.jscript
#                    ^ source.jscript
#                     ^ source.jscript keyword.operator.assignment.jscript
#                      ^^^^^^^^^^^ source.jscript
#                                 ^ source.jscript punctuation.accessor.jscript
#                                  ^^^^^ source.jscript
>    Array<ref Enemy> allies
#^^^^ source.jscript
#    ^^^^^ source.jscript support.type.builtin.jscript
#         ^ source.jscript punctuation.definition.typeparameters.begin.jscript
#          ^^^ source.jscript storage.modifier.ref.jscript
#             ^ source.jscript
#              ^^^^^ source.jscript entity.name.type.jscript
#                   ^ source.jscript punctuation.definition.typeparameters.end.jscript
#                    ^ source.jscript
#                     ^^^^^^ source.jscript variable.other.definition.jscript
>    LootTable loot = LootTable(8)                    // class 를 값으로 소유한다
#^^^^ source.jscript
#    ^^^^^^^^^ source.jscript entity.name.type.jscript
#             ^ source.jscript
#              ^^^^ source.jscript variable.other.definition.jscript
#                  ^ source.jscript
#                   ^ source.jscript keyword.operator.assignment.jscript
#                    ^^^^^^^^^^ source.jscript
#                              ^ source.jscript punctuation.section.parens.begin.jscript
#                               ^ source.jscript constant.numeric.jscript
#                                ^ source.jscript punctuation.section.parens.end.jscript
#                                 ^^^^^^^^^^^^^^^^^^^^ source.jscript
#                                                     ^^ source.jscript comment.line.double-slash.jscript punctuation.definition.comment.jscript
#                                                       ^^^^^^^^^^^^^^^^^ source.jscript comment.line.double-slash.jscript
>    Vector2 down
#^^^^ source.jscript
#    ^^^^^^^ source.jscript support.type.builtin.jscript
#           ^ source.jscript
#            ^^^^ source.jscript variable.other.definition.jscript
>
>    static Int aliveCount = 0
#^^^^ source.jscript
#    ^^^^^^ source.jscript storage.modifier.jscript
#          ^ source.jscript
#           ^^^ source.jscript support.type.primitive.jscript
#              ^ source.jscript
#               ^^^^^^^^^^ source.jscript variable.other.definition.jscript
#                         ^ source.jscript
#                          ^ source.jscript keyword.operator.assignment.jscript
#                           ^ source.jscript
#                            ^ source.jscript constant.numeric.jscript
>    const Float ChaseRange = 6.0
#^^^^ source.jscript
#    ^^^^^ source.jscript storage.modifier.jscript
#         ^ source.jscript
#          ^^^^^ source.jscript support.type.primitive.jscript
#               ^ source.jscript
#                ^^^^^^^^^^ source.jscript variable.other.definition.jscript
#                          ^ source.jscript
#                           ^ source.jscript keyword.operator.assignment.jscript
#                            ^ source.jscript
#                             ^^^ source.jscript constant.numeric.jscript
>
>    fn OnStart() callback
#^^^^ source.jscript
#    ^^ source.jscript storage.type.function.jscript
#      ^ source.jscript
#       ^^^^^^^ source.jscript entity.name.function.jscript
#              ^ source.jscript punctuation.section.parameters.begin.jscript
#               ^ source.jscript punctuation.section.parameters.end.jscript
#                ^ source.jscript
#                 ^^^^^^^^ source.jscript storage.modifier.callback.jscript
>    {
#^^^^ source.jscript
#    ^ source.jscript punctuation.section.block.begin.jscript
>        hp = MaxHp
#^^^^^^^^^^^ source.jscript
#           ^ source.jscript keyword.operator.assignment.jscript
#            ^^^^^^^ source.jscript
>        down.y = -1.0
#^^^^^^^^^^^^ source.jscript
#            ^ source.jscript punctuation.accessor.jscript
#             ^^ source.jscript
#               ^ source.jscript keyword.operator.assignment.jscript
#                ^ source.jscript
#                 ^ source.jscript keyword.operator.arithmetic.jscript
#                  ^^^ source.jscript constant.numeric.jscript
>        aliveCount += 1
#^^^^^^^^^^^^^^^^^^^ source.jscript
#                   ^^ source.jscript keyword.operator.assignment.compound.jscript
#                     ^ source.jscript
#                      ^ source.jscript constant.numeric.jscript
>    }
#^^^^ source.jscript
#    ^ source.jscript punctuation.section.block.end.jscript
>
>    fn OnUpdate(Float dt) callback
#^^^^ source.jscript
#    ^^ source.jscript storage.type.function.jscript
#      ^ source.jscript
#       ^^^^^^^^ source.jscript entity.name.function.jscript
#               ^ source.jscript punctuation.section.parameters.begin.jscript
#                ^^^^^ source.jscript support.type.primitive.jscript
#                     ^ source.jscript
#                      ^^ source.jscript variable.other.definition.jscript
#                        ^ source.jscript punctuation.section.parameters.end.jscript
#                         ^ source.jscript
#                          ^^^^^^^^ source.jscript storage.modifier.callback.jscript
>    {
#^^^^ source.jscript
#    ^ source.jscript punctuation.section.block.begin.jscript
>        switch (state)
#^^^^^^^^ source.jscript
#        ^^^^^^ source.jscript keyword.control.jscript
#              ^ source.jscript
#               ^ source.jscript punctuation.section.parens.begin.jscript
#                ^^^^^ source.jscript
#                     ^ source.jscript punctuation.section.parens.end.jscript
>        {
#^^^^^^^^ source.jscript
#        ^ source.jscript punctuation.section.block.begin.jscript
>            case EnemyState.Idle
#^^^^^^^^^^^^ source.jscript
#            ^^^^ source.jscript keyword.control.jscript
#                ^^^^^^^^^^^ source.jscript
#                           ^ source.jscript punctuation.accessor.jscript
#                            ^^^^^ source.jscript
>            {
#^^^^^^^^^^^^ source.jscript
#            ^ source.jscript punctuation.section.block.begin.jscript
>                if (target is not null)              // [제안] is not null
#^^^^^^^^^^^^^^^^ source.jscript
#                ^^ source.jscript keyword.control.jscript
#                  ^ source.jscript
#                   ^ source.jscript punctuation.section.parens.begin.jscript
#                    ^^^^^^^ source.jscript
#                           ^^ source.jscript keyword.operator.is.jscript
#                             ^ source.jscript
#                              ^^^ source.jscript keyword.operator.logical.jscript
#                                 ^ source.jscript
#                                  ^^^^ source.jscript constant.language.null.jscript
#                                      ^ source.jscript punctuation.section.parens.end.jscript
#                                       ^^^^^^^^^^^^^^ source.jscript
#                                                     ^^ source.jscript comment.line.double-slash.jscript punctuation.definition.comment.jscript
#                                                       ^^^^^^^^^^^^^^^^^ source.jscript comment.line.double-slash.jscript
>                {
#^^^^^^^^^^^^^^^^ source.jscript
#                ^ source.jscript punctuation.section.block.begin.jscript
>                    state = EnemyState.Chasing
#^^^^^^^^^^^^^^^^^^^^^^^^^^ source.jscript
#                          ^ source.jscript keyword.operator.assignment.jscript
#                           ^^^^^^^^^^^ source.jscript
#                                      ^ source.jscript punctuation.accessor.jscript
#                                       ^^^^^^^^ source.jscript
>                }
#^^^^^^^^^^^^^^^^ source.jscript
#                ^ source.jscript punctuation.section.block.end.jscript
>            }
#^^^^^^^^^^^^ source.jscript
#            ^ source.jscript punctuation.section.block.end.jscript
>            case EnemyState.Chasing
#^^^^^^^^^^^^ source.jscript
#            ^^^^ source.jscript keyword.control.jscript
#                ^^^^^^^^^^^ source.jscript
#                           ^ source.jscript punctuation.accessor.jscript
#                            ^^^^^^^^ source.jscript
>            {
#^^^^^^^^^^^^ source.jscript
#            ^ source.jscript punctuation.section.block.begin.jscript
>                target.position.x += MoveSpeed * dt  // 자동 null 검사: target 이 null 이면 걸러지고 에러 로그
#^^^^^^^^^^^^^^^^^^^^^^ source.jscript
#                      ^ source.jscript punctuation.accessor.jscript
#                       ^^^^^^^^ source.jscript
#                               ^ source.jscript punctuation.accessor.jscript
#                                ^^ source.jscript
#                                  ^^ source.jscript keyword.operator.assignment.compound.jscript
#                                    ^^^^^^^^^^^ source.jscript
#                                               ^ source.jscript keyword.operator.arithmetic.jscript
#                                                ^^^^^ source.jscript
#                                                     ^^ source.jscript comment.line.double-slash.jscript punctuation.definition.comment.jscript
#                                                       ^^^^^^^^^^^^^^^^^^^^^^^^^^^^^^^^^^^^^^^^ source.jscript comment.line.double-slash.jscript
>            }
#^^^^^^^^^^^^ source.jscript
#            ^ source.jscript punctuation.section.block.end.jscript
>            case EnemyState.Dead
#^^^^^^^^^^^^ source.jscript
#            ^^^^ source.jscript keyword.control.jscript
#                ^^^^^^^^^^^ source.jscript
#                           ^ source.jscript punctuation.accessor.jscript
#                            ^^^^^ source.jscript
>            {
#^^^^^^^^^^^^ source.jscript
#            ^ source.jscript punctuation.section.block.begin.jscript
>                return
#^^^^^^^^^^^^^^^^ source.jscript
#                ^^^^^^ source.jscript keyword.control.jscript
>            }
#^^^^^^^^^^^^ source.jscript
#            ^ source.jscript punctuation.section.block.end.jscript
>        }
#^^^^^^^^ source.jscript
#        ^ source.jscript punctuation.section.block.end.jscript
>
>        if (home is null)
#^^^^^^^^ source.jscript
#        ^^ source.jscript keyword.control.jscript
#          ^ source.jscript
#           ^ source.jscript punctuation.section.parens.begin.jscript
#            ^^^^^ source.jscript
#                 ^^ source.jscript keyword.operator.is.jscript
#                   ^ source.jscript
#                    ^^^^ source.jscript constant.language.null.jscript
#                        ^ source.jscript punctuation.section.parens.end.jscript
>        {
#^^^^^^^^ source.jscript
#        ^ source.jscript punctuation.section.block.begin.jscript
>            return
#^^^^^^^^^^^^ source.jscript
#            ^^^^^^ source.jscript keyword.control.jscript
>        }
#^^^^^^^^ source.jscript
#        ^ source.jscript punctuation.section.block.end.jscript
>        home.position.y = 0.0                        // 자동 검사를 껐고, 위에서 직접 검사했다
#^^^^^^^^^^^^ source.jscript
#            ^ source.jscript punctuation.accessor.jscript
#             ^^^^^^^^ source.jscript
#                     ^ source.jscript punctuation.accessor.jscript
#                      ^^ source.jscript
#                        ^ source.jscript keyword.operator.assignment.jscript
#                         ^ source.jscript
#                          ^^^ source.jscript constant.numeric.jscript
#                             ^^^^^^^^^^^^^^^^^^^^^^^^ source.jscript
#                                                     ^^ source.jscript comment.line.double-slash.jscript punctuation.definition.comment.jscript
#                                                       ^^^^^^^^^^^^^^^^^^^^^^^ source.jscript comment.line.double-slash.jscript
>    }
#^^^^ source.jscript
#    ^ source.jscript punctuation.section.block.end.jscript
>
>    fn TakeDamage(Int amount) override
#^^^^ source.jscript
#    ^^ source.jscript storage.type.function.jscript
#      ^ source.jscript
#       ^^^^^^^^^^ source.jscript entity.name.function.jscript
#                 ^ source.jscript punctuation.section.parameters.begin.jscript
#                  ^^^ source.jscript support.type.primitive.jscript
#                     ^ source.jscript
#                      ^^^^^^ source.jscript variable.other.definition.jscript
#                            ^ source.jscript punctuation.section.parameters.end.jscript
#                             ^ source.jscript
#                              ^^^^^^^^ source.jscript storage.modifier.override.jscript
>    {
#^^^^ source.jscript
#    ^ source.jscript punctuation.section.block.begin.jscript
>        hp -= amount
#^^^^^^^^^^^ source.jscript
#           ^^ source.jscript keyword.operator.assignment.compound.jscript
#             ^^^^^^^^ source.jscript
>        if (hp <= 0 and state != EnemyState.Dead)
#^^^^^^^^ source.jscript
#        ^^ source.jscript keyword.control.jscript
#          ^ source.jscript
#           ^ source.jscript punctuation.section.parens.begin.jscript
#            ^^^ source.jscript
#               ^^ source.jscript keyword.operator.comparison.jscript
#                 ^ source.jscript
#                  ^ source.jscript constant.numeric.jscript
#                   ^ source.jscript
#                    ^^^ source.jscript keyword.operator.logical.jscript
#                       ^^^^^^^ source.jscript
#                              ^^ source.jscript keyword.operator.comparison.jscript
#                                ^^^^^^^^^^^ source.jscript
#                                           ^ source.jscript punctuation.accessor.jscript
#                                            ^^^^ source.jscript
#                                                ^ source.jscript punctuation.section.parens.end.jscript
>        {
#^^^^^^^^ source.jscript
#        ^ source.jscript punctuation.section.block.begin.jscript
>            state = EnemyState.Dead
#^^^^^^^^^^^^^^^^^^ source.jscript
#                  ^ source.jscript keyword.operator.assignment.jscript
#                   ^^^^^^^^^^^ source.jscript
#                              ^ source.jscript punctuation.accessor.jscript
#                               ^^^^^ source.jscript
>            aliveCount -= 1
#^^^^^^^^^^^^^^^^^^^^^^^ source.jscript
#                       ^^ source.jscript keyword.operator.assignment.compound.jscript
#                         ^ source.jscript
#                          ^ source.jscript constant.numeric.jscript
>        }
#^^^^^^^^ source.jscript
#        ^ source.jscript punctuation.section.block.end.jscript
>    }
#^^^^ source.jscript
#    ^ source.jscript punctuation.section.block.end.jscript
>
>    fn IsDead() -> Bool override
#^^^^ source.jscript
#    ^^ source.jscript storage.type.function.jscript
#      ^ source.jscript
#       ^^^^^^ source.jscript entity.name.function.jscript
#             ^ source.jscript punctuation.section.parameters.begin.jscript
#              ^ source.jscript punctuation.section.parameters.end.jscript
#               ^ source.jscript
#                ^^ source.jscript punctuation.separator.return-type.jscript
#                  ^ source.jscript
#                   ^^^^ source.jscript support.type.primitive.jscript
#                       ^ source.jscript
#                        ^^^^^^^^ source.jscript storage.modifier.override.jscript
>    {
#^^^^ source.jscript
#    ^ source.jscript punctuation.section.block.begin.jscript
>        return state == EnemyState.Dead
#^^^^^^^^ source.jscript
#        ^^^^^^ source.jscript keyword.control.jscript
#              ^^^^^^^ source.jscript
#                     ^^ source.jscript keyword.operator.comparison.jscript
#                       ^^^^^^^^^^^ source.jscript
#                                  ^ source.jscript punctuation.accessor.jscript
#                                   ^^^^^ source.jscript
>    }
#^^^^ source.jscript
#    ^ source.jscript punctuation.section.block.end.jscript
>
>    fn HpRatio() -> Float
#^^^^ source.jscript
#    ^^ source.jscript storage.type.function.jscript
#      ^ source.jscript
#       ^^^^^^^ source.jscript entity.name.function.jscript
#              ^ source.jscript punctuation.section.parameters.begin.jscript
#               ^ source.jscript punctuation.section.parameters.end.jscript
#                ^ source.jscript
#                 ^^ source.jscript punctuation.separator.return-type.jscript
#                   ^ source.jscript
#                    ^^^^^ source.jscript support.type.primitive.jscript
>    {
#^^^^ source.jscript
#    ^ source.jscript punctuation.section.block.begin.jscript
>        return Float(hp) / Float(MaxHp)
#^^^^^^^^ source.jscript
#        ^^^^^^ source.jscript keyword.control.jscript
#              ^ source.jscript
#               ^^^^^ source.jscript support.type.primitive.jscript
#                    ^ source.jscript punctuation.section.parens.begin.jscript
#                     ^^ source.jscript
#                       ^ source.jscript punctuation.section.parens.end.jscript
#                        ^ source.jscript
#                         ^ source.jscript keyword.operator.arithmetic.jscript
#                          ^ source.jscript
#                           ^^^^^ source.jscript support.type.primitive.jscript
#                                ^ source.jscript punctuation.section.parens.begin.jscript
#                                 ^^^^^ source.jscript
#                                      ^ source.jscript punctuation.section.parens.end.jscript
>    }
#^^^^ source.jscript
#    ^ source.jscript punctuation.section.block.end.jscript
>
>    fn IsGrounded() -> Bool
#^^^^ source.jscript
#    ^^ source.jscript storage.type.function.jscript
#      ^ source.jscript
#       ^^^^^^^^^^ source.jscript entity.name.function.jscript
#                 ^ source.jscript punctuation.section.parameters.begin.jscript
#                  ^ source.jscript punctuation.section.parameters.end.jscript
#                   ^ source.jscript
#                    ^^ source.jscript punctuation.separator.return-type.jscript
#                      ^ source.jscript
#                       ^^^^ source.jscript support.type.primitive.jscript
>    {
#^^^^ source.jscript
#    ^ source.jscript punctuation.section.block.begin.jscript
>        Collision2D hit
#^^^^^^^^ source.jscript
#        ^^^^^^^^^^^ source.jscript entity.name.type.jscript
#                   ^ source.jscript
#                    ^^^ source.jscript variable.other.definition.jscript
>        return GetFramework2DServices().Physics2D.Raycast(target.position, down, 1.0, ref hit)
#^^^^^^^^ source.jscript
#        ^^^^^^ source.jscript keyword.control.jscript
#              ^^^^^^^^^^^^^^^^^^^^^^^ source.jscript
#                                     ^ source.jscript punctuation.section.parens.begin.jscript
#                                      ^ source.jscript punctuation.section.parens.end.jscript
#                                       ^ source.jscript punctuation.accessor.jscript
#                                        ^^^^^^^^^ source.jscript
#                                                 ^ source.jscript punctuation.accessor.jscript
#                                                  ^^^^^^^ source.jscript
#                                                         ^ source.jscript punctuation.section.parens.begin.jscript
#                                                          ^^^^^^ source.jscript
#                                                                ^ source.jscript punctuation.accessor.jscript
#                                                                 ^^^^^^^^ source.jscript
#                                                                         ^ source.jscript punctuation.separator.comma.jscript
#                                                                          ^^^^^ source.jscript
#                                                                               ^ source.jscript punctuation.separator.comma.jscript
#                                                                                ^ source.jscript
#                                                                                 ^^^ source.jscript constant.numeric.jscript
#                                                                                    ^ source.jscript punctuation.separator.comma.jscript
#                                                                                     ^ source.jscript
#                                                                                      ^^^ source.jscript storage.modifier.ref.jscript
#                                                                                         ^^^^ source.jscript
#                                                                                             ^ source.jscript punctuation.section.parens.end.jscript
>        // [열림] §12 의 4번: target 이 null 이면 이 return 은 무엇을 돌려주는가
#^^^^^^^^ source.jscript
#        ^^ source.jscript comment.line.double-slash.jscript punctuation.definition.comment.jscript
#          ^^^^^^^^^^^^^^^^^^^^^^^^^^^^^^^^^^^^^^^^^^^^^^^^^^^^^ source.jscript comment.line.double-slash.jscript
>    }
#^^^^ source.jscript
#    ^ source.jscript punctuation.section.block.end.jscript
>
>    fn CountLivingAllies() -> Int
#^^^^ source.jscript
#    ^^ source.jscript storage.type.function.jscript
#      ^ source.jscript
#       ^^^^^^^^^^^^^^^^^ source.jscript entity.name.function.jscript
#                        ^ source.jscript punctuation.section.parameters.begin.jscript
#                         ^ source.jscript punctuation.section.parameters.end.jscript
#                          ^ source.jscript
#                           ^^ source.jscript punctuation.separator.return-type.jscript
#                             ^ source.jscript
#                              ^^^ source.jscript support.type.primitive.jscript
>    {
#^^^^ source.jscript
#    ^ source.jscript punctuation.section.block.begin.jscript
>        Int count = 0
#^^^^^^^^ source.jscript
#        ^^^ source.jscript support.type.primitive.jscript
#           ^ source.jscript
#            ^^^^^ source.jscript variable.other.definition.jscript
#                 ^ source.jscript
#                  ^ source.jscript keyword.operator.assignment.jscript
#                   ^ source.jscript
#                    ^ source.jscript constant.numeric.jscript
>        for (ally in allies)
#^^^^^^^^ source.jscript
#        ^^^ source.jscript keyword.control.jscript
#           ^ source.jscript
#            ^ source.jscript punctuation.section.parens.begin.jscript
#             ^^^^ source.jscript variable.other.definition.jscript
#                 ^ source.jscript
#                  ^^ source.jscript keyword.control.in.jscript
#                    ^^^^^^^ source.jscript
#                           ^ source.jscript punctuation.section.parens.end.jscript
>        {
#^^^^^^^^ source.jscript
#        ^ source.jscript punctuation.section.block.begin.jscript
>            if (ally is null)
#^^^^^^^^^^^^ source.jscript
#            ^^ source.jscript keyword.control.jscript
#              ^ source.jscript
#               ^ source.jscript punctuation.section.parens.begin.jscript
#                ^^^^^ source.jscript
#                     ^^ source.jscript keyword.operator.is.jscript
#                       ^ source.jscript
#                        ^^^^ source.jscript constant.language.null.jscript
#                            ^ source.jscript punctuation.section.parens.end.jscript
>            {
#^^^^^^^^^^^^ source.jscript
#            ^ source.jscript punctuation.section.block.begin.jscript
>                continue
#^^^^^^^^^^^^^^^^ source.jscript
#                ^^^^^^^^ source.jscript keyword.control.jscript
>            }
#^^^^^^^^^^^^ source.jscript
#            ^ source.jscript punctuation.section.block.end.jscript
>            if (not ally.IsDead())
#^^^^^^^^^^^^ source.jscript
#            ^^ source.jscript keyword.control.jscript
#              ^ source.jscript
#               ^ source.jscript punctuation.section.parens.begin.jscript
#                ^^^ source.jscript keyword.operator.logical.jscript
#                   ^^^^^ source.jscript
#                        ^ source.jscript punctuation.accessor.jscript
#                         ^^^^^^ source.jscript
#                               ^ source.jscript punctuation.section.parens.begin.jscript
#                                ^ source.jscript punctuation.section.parens.end.jscript
#                                 ^ source.jscript punctuation.section.parens.end.jscript
>            {
#^^^^^^^^^^^^ source.jscript
#            ^ source.jscript punctuation.section.block.begin.jscript
>                count += 1
#^^^^^^^^^^^^^^^^^^^^^^ source.jscript
#                      ^^ source.jscript keyword.operator.assignment.compound.jscript
#                        ^ source.jscript
#                         ^ source.jscript constant.numeric.jscript
>            }
#^^^^^^^^^^^^ source.jscript
#            ^ source.jscript punctuation.section.block.end.jscript
>        }
#^^^^^^^^ source.jscript
#        ^ source.jscript punctuation.section.block.end.jscript
>        return count
#^^^^^^^^ source.jscript
#        ^^^^^^ source.jscript keyword.control.jscript
#              ^^^^^^^ source.jscript
>    }
#^^^^ source.jscript
#    ^ source.jscript punctuation.section.block.end.jscript
>
>    static fn SumWeights(ref const Array<DropEntry> table) -> Int
#^^^^ source.jscript
#    ^^^^^^ source.jscript storage.modifier.jscript
#          ^ source.jscript
#           ^^ source.jscript storage.type.function.jscript
#             ^ source.jscript
#              ^^^^^^^^^^ source.jscript entity.name.function.jscript
#                        ^ source.jscript punctuation.section.parameters.begin.jscript
#                         ^^^ source.jscript storage.modifier.ref.jscript
#                            ^ source.jscript
#                             ^^^^^ source.jscript storage.modifier.jscript
#                                  ^ source.jscript
#                                   ^^^^^ source.jscript support.type.builtin.jscript
#                                        ^ source.jscript punctuation.definition.typeparameters.begin.jscript
#                                         ^^^^^^^^^ source.jscript entity.name.type.jscript
#                                                  ^ source.jscript punctuation.definition.typeparameters.end.jscript
#                                                   ^ source.jscript
#                                                    ^^^^^ source.jscript variable.other.definition.jscript
#                                                         ^ source.jscript punctuation.section.parameters.end.jscript
#                                                          ^ source.jscript
#                                                           ^^ source.jscript punctuation.separator.return-type.jscript
#                                                             ^ source.jscript
#                                                              ^^^ source.jscript support.type.primitive.jscript
>    {
#^^^^ source.jscript
#    ^ source.jscript punctuation.section.block.begin.jscript
>        Int total = 0
#^^^^^^^^ source.jscript
#        ^^^ source.jscript support.type.primitive.jscript
#           ^ source.jscript
#            ^^^^^ source.jscript variable.other.definition.jscript
#                 ^ source.jscript
#                  ^ source.jscript keyword.operator.assignment.jscript
#                   ^ source.jscript
#                    ^ source.jscript constant.numeric.jscript
>        for (i in 0..table.Size())
#^^^^^^^^ source.jscript
#        ^^^ source.jscript keyword.control.jscript
#           ^ source.jscript
#            ^ source.jscript punctuation.section.parens.begin.jscript
#             ^ source.jscript variable.other.definition.jscript
#              ^ source.jscript
#               ^^ source.jscript keyword.control.in.jscript
#                 ^ source.jscript
#                  ^ source.jscript constant.numeric.jscript
#                   ^^ source.jscript keyword.operator.range.jscript
#                     ^^^^^ source.jscript
#                          ^ source.jscript punctuation.accessor.jscript
#                           ^^^^ source.jscript
#                               ^ source.jscript punctuation.section.parens.begin.jscript
#                                ^ source.jscript punctuation.section.parens.end.jscript
#                                 ^ source.jscript punctuation.section.parens.end.jscript
>        {
#^^^^^^^^ source.jscript
#        ^ source.jscript punctuation.section.block.begin.jscript
>            total += table[i].Weight
#^^^^^^^^^^^^^^^^^^ source.jscript
#                  ^^ source.jscript keyword.operator.assignment.compound.jscript
#                    ^^^^^^ source.jscript
#                          ^ source.jscript punctuation.section.brackets.begin.jscript
#                           ^ source.jscript
#                            ^ source.jscript punctuation.section.brackets.end.jscript
#                             ^ source.jscript punctuation.accessor.jscript
#                              ^^^^^^^ source.jscript
>        }
#^^^^^^^^ source.jscript
#        ^ source.jscript punctuation.section.block.end.jscript
>        return total
#^^^^^^^^ source.jscript
#        ^^^^^^ source.jscript keyword.control.jscript
#              ^^^^^^^ source.jscript
>    }
#^^^^ source.jscript
#    ^ source.jscript punctuation.section.block.end.jscript
>}
#^ source.jscript punctuation.section.block.end.jscript
>